--------------------------------------------------------------------------------
Release 9.2i Trace 
Copyright (c) 1995-2007 Xilinx, Inc.  All rights reserved.

C:\Archivos de programa\Xilinx ISE 9.2i\bin\nt\trce.exe -ise
C:/MIJ/practica2/practica2.ise -intstyle ise -e 3 -s 4 -xml practica1
practica1.ncd -o practica1.twr practica1.pcf -ucf nexys.ucf

Design file:              practica1.ncd
Physical constraint file: practica1.pcf
Device,package,speed:     xc3s400,ft256,-4 (PRODUCTION 1.39 2007-04-13)
Report level:             error report

Environment Variable      Effect 
--------------------      ------ 
NONE                      No environment variables were set
--------------------------------------------------------------------------------

INFO:Timing:2698 - No timing constraints found, doing default enumeration.
INFO:Timing:2752 - To get complete path coverage, use the unconstrained paths 
   option. All paths that are not constrained will be reported in the 
   unconstrained paths section(s) of the report.
INFO:Timing:3339 - The clock-to-out numbers in this timing report are based on 
   a 50 Ohm transmission line loading model.  For the details of this model, 
   and for more information on accounting for different loading conditions, 
   please see the device datasheet.



Data Sheet report:
-----------------
All values displayed in nanoseconds (ns)

Pad to Pad
---------------+---------------+---------+
Source Pad     |Destination Pad|  Delay  |
---------------+---------------+---------+
btn<0>         |led<0>         |    9.220|
btn<0>         |led<1>         |    9.227|
btn<1>         |led<0>         |    8.543|
btn<1>         |led<1>         |    8.550|
btn<2>         |led<0>         |    8.304|
btn<2>         |led<1>         |    8.311|
btn<3>         |led<0>         |    8.368|
btn<3>         |led<1>         |    8.375|
swt<0>         |led<2>         |   10.579|
swt<0>         |led<3>         |    9.510|
swt<1>         |led<2>         |   10.965|
swt<1>         |led<3>         |    9.817|
swt<2>         |led<2>         |    9.577|
swt<2>         |led<3>         |    9.040|
swt<3>         |led<2>         |    9.590|
swt<3>         |led<3>         |    8.979|
swt<4>         |led<2>         |    9.839|
swt<4>         |led<3>         |    8.812|
swt<5>         |led<2>         |   10.316|
swt<5>         |led<3>         |    9.367|
swt<6>         |led<2>         |    9.434|
swt<6>         |led<3>         |    8.457|
swt<7>         |led<2>         |    9.619|
swt<7>         |led<3>         |    9.002|
---------------+---------------+---------+


Analysis completed Fri Oct 08 16:12:17 2010 
--------------------------------------------------------------------------------

Trace Settings:
-------------------------
Trace Settings 

Peak Memory Usage: 79 MB



