Release 9.2i - xst J.36
Copyright (c) 1995-2007 Xilinx, Inc.  All rights reserved.
--> Parameter TMPDIR set to ./xst/projnav.tmp
CPU : 0.00 / 0.38 s | Elapsed : 0.00 / 0.00 s
 
--> Parameter xsthdpdir set to ./xst
CPU : 0.00 / 0.38 s | Elapsed : 0.00 / 0.00 s
 
--> Reading design: practica4.prj

TABLE OF CONTENTS
  1) Synthesis Options Summary
  2) HDL Compilation
  3) Design Hierarchy Analysis
  4) HDL Analysis
  5) HDL Synthesis
     5.1) HDL Synthesis Report
  6) Advanced HDL Synthesis
     6.1) Advanced HDL Synthesis Report
  7) Low Level Synthesis
  8) Partition Report
  9) Final Report
     9.1) Device utilization summary
     9.2) Partition Resource Summary
     9.3) TIMING REPORT


=========================================================================
*                      Synthesis Options Summary                        *
=========================================================================
---- Source Parameters
Input File Name                    : "practica4.prj"
Input Format                       : mixed
Ignore Synthesis Constraint File   : NO

---- Target Parameters
Output File Name                   : "practica4"
Output Format                      : NGC
Target Device                      : xc3s200-4-ft256

---- Source Options
Top Module Name                    : practica4
Automatic FSM Extraction           : YES
FSM Encoding Algorithm             : Auto
Safe Implementation                : No
FSM Style                          : lut
RAM Extraction                     : Yes
RAM Style                          : Auto
ROM Extraction                     : Yes
Mux Style                          : Auto
Decoder Extraction                 : YES
Priority Encoder Extraction        : YES
Shift Register Extraction          : YES
Logical Shifter Extraction         : YES
XOR Collapsing                     : YES
ROM Style                          : Auto
Mux Extraction                     : YES
Resource Sharing                   : YES
Asynchronous To Synchronous        : NO
Multiplier Style                   : auto
Automatic Register Balancing       : No

---- Target Options
Add IO Buffers                     : YES
Global Maximum Fanout              : 500
Add Generic Clock Buffer(BUFG)     : 8
Register Duplication               : YES
Slice Packing                      : YES
Optimize Instantiated Primitives   : NO
Use Clock Enable                   : Yes
Use Synchronous Set                : Yes
Use Synchronous Reset              : Yes
Pack IO Registers into IOBs        : auto
Equivalent register Removal        : YES

---- General Options
Optimization Goal                  : Speed
Optimization Effort                : 1
Library Search Order               : practica4.lso
Keep Hierarchy                     : NO
RTL Output                         : Yes
Global Optimization                : AllClockNets
Read Cores                         : YES
Write Timing Constraints           : NO
Cross Clock Analysis               : NO
Hierarchy Separator                : /
Bus Delimiter                      : <>
Case Specifier                     : maintain
Slice Utilization Ratio            : 100
BRAM Utilization Ratio             : 100
Verilog 2001                       : YES
Auto BRAM Packing                  : NO
Slice Utilization Ratio Delta      : 5

=========================================================================


=========================================================================
*                          HDL Compilation                              *
=========================================================================
WARNING:HDLParsers:3516 - Found error in file "F:/Universidad/2/ElectronicaDigital/practica4/contjohn.vhd". 
WARNING:HDLParsers:3458 - Because of erroneous VHDL file(s), automatic determination of correct order of compilation of files in project file "F:/Universidad/2/ElectronicaDigital/practica4/practica4_vhdl.prj" may be inaccurate. Please put the files in the project file in correct order with keyword 'nosort' at end of the project file, or compile your vhdl file(s) individually to find and fix the error(s) in your vhdl file(s). 
Compiling vhdl file "F:/Universidad/2/ElectronicaDigital/practica4/practica4.vhd" in Library work.
Entity <Placa> compiled.
ERROR:HDLParsers:3010 - "F:/Universidad/2/ElectronicaDigital/practica4/practica4.vhd" Line 41. Entity practica4 does not exist.
ERROR:HDLParsers:3312 - "F:/Universidad/2/ElectronicaDigital/practica4/practica4.vhd" Line 42. Undefined symbol 'std_logic'.
ERROR:HDLParsers:1209 - "F:/Universidad/2/ElectronicaDigital/practica4/practica4.vhd" Line 42. std_logic: Undefined symbol (last report in this block)
ERROR:HDLParsers:3312 - "F:/Universidad/2/ElectronicaDigital/practica4/practica4.vhd" Line 45. Undefined symbol 'enable'.
ERROR:HDLParsers:3312 - "F:/Universidad/2/ElectronicaDigital/practica4/practica4.vhd" Line 45. Undefined symbol 'swt'.
ERROR:HDLParsers:1209 - "F:/Universidad/2/ElectronicaDigital/practica4/practica4.vhd" Line 45. swt: Undefined symbol (last report in this block)
ERROR:HDLParsers:3312 - "F:/Universidad/2/ElectronicaDigital/practica4/practica4.vhd" Line 46. Undefined symbol 'rst'.
ERROR:HDLParsers:3312 - "F:/Universidad/2/ElectronicaDigital/practica4/practica4.vhd" Line 46. Undefined symbol 'btn'.
ERROR:HDLParsers:1209 - "F:/Universidad/2/ElectronicaDigital/practica4/practica4.vhd" Line 46. btn: Undefined symbol (last report in this block)
ERROR:HDLParsers:3312 - "F:/Universidad/2/ElectronicaDigital/practica4/practica4.vhd" Line 48. Undefined symbol 'mclk'.
ERROR:HDLParsers:1209 - "F:/Universidad/2/ElectronicaDigital/practica4/practica4.vhd" Line 48. mclk: Undefined symbol (last report in this block)
ERROR:HDLParsers:3312 - "F:/Universidad/2/ElectronicaDigital/practica4/practica4.vhd" Line 50. Undefined symbol 'clk'.
ERROR:HDLParsers:1209 - "F:/Universidad/2/ElectronicaDigital/practica4/practica4.vhd" Line 50. clk: Undefined symbol (last report in this block)
ERROR:HDLParsers:164 - "F:/Universidad/2/ElectronicaDigital/practica4/practica4.vhd" Line 51. parse error, unexpected INTEGER_LITERAL, expecting SEMICOLON
WARNING:HDLParsers:1406 - "F:/Universidad/2/ElectronicaDigital/practica4/practica4.vhd" Line 48. No sensitivity list and no wait in the process
ERROR:HDLParsers:3312 - "F:/Universidad/2/ElectronicaDigital/practica4/practica4.vhd" Line 55. Undefined symbol 'enable'.
ERROR:HDLParsers:1209 - "F:/Universidad/2/ElectronicaDigital/practica4/practica4.vhd" Line 55. enable: Undefined symbol (last report in this block)
ERROR:HDLParsers:164 - "F:/Universidad/2/ElectronicaDigital/practica4/practica4.vhd" Line 59. parse error, unexpected PORT, expecting OPENPAR or TICK or LSQBRACK
WARNING:HDLParsers:901 - "F:/Universidad/2/ElectronicaDigital/practica4/practica4.vhd" Line 58. Label contjohn is ignored.
ERROR:HDLParsers:164 - "F:/Universidad/2/ElectronicaDigital/practica4/practica4.vhd" Line 66. parse error, unexpected PORT, expecting OPENPAR or TICK or LSQBRACK
WARNING:HDLParsers:901 - "F:/Universidad/2/ElectronicaDigital/practica4/practica4.vhd" Line 65. Label contbsd is ignored.
WARNING:HDLParsers:1406 - "F:/Universidad/2/ElectronicaDigital/practica4/practica4.vhd" Line 55. No sensitivity list and no wait in the process
--> 

Total memory usage is 114752 kilobytes

Number of errors   :   18 (   0 filtered)
Number of warnings :    6 (   0 filtered)
Number of infos    :    0 (   0 filtered)

