MPLINK 4.30.01, Linker
Linker Map File - Created Thu Apr 28 18:50:37 2011

                                 Section Info
                  Section       Type    Address   Location Size(Bytes)
                ---------  ---------  ---------  ---------  ---------
                   .org_0       code   0x000000    program   0x000000
                   .org_2       code   0x000003    program   0x000002
                   .org_3       code   0x000004    program   0x00053c
                   .org_1       code   0x000800    program   0x000046



                              Program Memory Usage 
                               Start         End      
                           ---------   ---------      
                            0x000003    0x0002a1      
                            0x000800    0x000822      
            706 out of 8454 program addresses used, program memory utilization is 8%



                              Symbols - Sorted by Name
                     Name    Address   Location    Storage File                     
                ---------  ---------  ---------  --------- ---------                
              BUCLEOCIOSO   0x000159    program     static C:\Universidad\2\labSED\final\Final.asm
          CALLFROMCOMPPAD   0x00008c    program     static C:\Universidad\2\labSED\final\pad.asm
             CALLFROMTMP2   0x000087    program     static C:\Universidad\2\labSED\final\pad.asm
                COMPCOLUM   0x000072    program     static C:\Universidad\2\labSED\final\pad.asm
                  COMPPAD   0x0000ac    program     static C:\Universidad\2\labSED\final\pad.asm
                   CURADD   0x000285    program     static C:\Universidad\2\labSED\final\lcd.asm
              EEPROM_INIT   0x000118    program     static C:\Universidad\2\labSED\final\eeprom.asm
           EEPROM_READ_00   0x00013a    program     static C:\Universidad\2\labSED\final\eeprom.asm
          EEPROM_WRITE_00   0x000121    program     static C:\Universidad\2\labSED\final\eeprom.asm
                      EN1   0x0000a8    program     static C:\Universidad\2\labSED\final\pad.asm
            ESCRIBIR_SMS_   0x00021c    program     static C:\Universidad\2\labSED\final\estados.asm
               INICIATMP2   0x0000b5    program     static C:\Universidad\2\labSED\final\pad.asm
               KEYPADREGW   0x000093    program     static C:\Universidad\2\labSED\final\pad.asm
                   LCDBS1   0x000276    program     static C:\Universidad\2\labSED\final\lcd.asm
                   LCDBS2   0x000283    program     static C:\Universidad\2\labSED\final\lcd.asm
                   LCDBSY   0x000271    program     static C:\Universidad\2\labSED\final\lcd.asm
                   LCDDIN   0x000295    program     static C:\Universidad\2\labSED\final\lcd.asm
                  LCDDOUT   0x00029b    program     static C:\Universidad\2\labSED\final\lcd.asm
                   LCDDWR   0x000251    program     static C:\Universidad\2\labSED\final\lcd.asm
                  LCDINIT   0x00021e    program     static C:\Universidad\2\labSED\final\lcd.asm
                   LCDIWR   0x000253    program     static C:\Universidad\2\labSED\final\lcd.asm
                    LCDW1   0x000268    program     static C:\Universidad\2\labSED\final\lcd.asm
                    LCDW2   0x00026a    program     static C:\Universidad\2\labSED\final\lcd.asm
                  LCDWAIT   0x000267    program     static C:\Universidad\2\labSED\final\lcd.asm
                 LCDWRAUX   0x000255    program     static C:\Universidad\2\labSED\final\lcd.asm
                  LEDINIT   0x00019a    program     static C:\Universidad\2\labSED\final\Final.asm
                LEER_SMS_   0x00021d    program     static C:\Universidad\2\labSED\final\estados.asm
             LTR_COMPANY_   0x00081a    program     static C:\Universidad\2\labSED\final\estados.inc
              LTR_STANDBY   0x00081a    program     static C:\Universidad\2\labSED\final\estados.inc
                   MARCA_   0x000219    program     static C:\Universidad\2\labSED\final\estados.asm
              MENSAJES_1_   0x00021a    program     static C:\Universidad\2\labSED\final\estados.asm
              MENSAJES_2_   0x00021b    program     static C:\Universidad\2\labSED\final\estados.asm
                MENU12_1_   0x000218    program     static C:\Universidad\2\labSED\final\estados.asm
                 NUMAKEYR   0x000811    program     static C:\Universidad\2\labSED\final\pad.inc
                  PADINIT   0x0000cc    program     static C:\Universidad\2\labSED\final\pad.asm
                 PADINTER   0x00004a    program     static C:\Universidad\2\labSED\final\pad.asm
                     POR_   0x0001a4    program     static C:\Universidad\2\labSED\final\estados.asm
                 POSACOMP   0x000800    program     static C:\Universidad\2\labSED\final\pad.inc
                     PROG   0x000148    program     static C:\Universidad\2\labSED\final\Final.asm
              PUT_COMPANY   0x000211    program     static C:\Universidad\2\labSED\final\estados.asm
              PUT_STANDBY   0x0001b0    program     static C:\Universidad\2\labSED\final\estados.asm
         PUT_STANDBY_LOOP   0x0001bd    program     static C:\Universidad\2\labSED\final\estados.asm
     PUT_STANDBY_LOOP_END   0x0001cd    program     static C:\Universidad\2\labSED\final\estados.asm
                     RETI   0x00000f    program     static C:\Universidad\2\labSED\final\Final.asm
                      RSI   0x000004    program     static C:\Universidad\2\labSED\final\Final.asm
                 SEND_CMD   0x000116    program     static C:\Universidad\2\labSED\final\serial.asm
                 SEND_DAT   0x000117    program     static C:\Universidad\2\labSED\final\serial.asm
                 SEND_MAS   0x000113    program     static C:\Universidad\2\labSED\final\serial.asm
                SEND_NEXT   0x000102    program     static C:\Universidad\2\labSED\final\serial.asm
            SEND_NEXT_END   0x00010c    program     static C:\Universidad\2\labSED\final\serial.asm
                   SEND_T   0x000110    program     static C:\Universidad\2\labSED\final\serial.asm
              SERIAL_INIT   0x0000e9    program     static C:\Universidad\2\labSED\final\serial.asm
           SERIAL_RECEIVE   0x0000fe    program     static C:\Universidad\2\labSED\final\serial.asm
              SERIAL_SEND   0x0000fa    program     static C:\Universidad\2\labSED\final\serial.asm
                 STANDBY_   0x0001a9    program     static C:\Universidad\2\labSED\final\estados.asm
      STANDBY_COMP_DESBLQ   0x0001d2    program     static C:\Universidad\2\labSED\final\estados.asm
 STANDBY_COMP_DESBLQ_EST0   0x0001eb    program     static C:\Universidad\2\labSED\final\estados.asm
 STANDBY_COMP_DESBLQ_EST1   0x0001f3    program     static C:\Universidad\2\labSED\final\estados.asm
 STANDBY_COMP_DESBLQ_EST2   0x0001fb    program     static C:\Universidad\2\labSED\final\estados.asm
 STANDBY_COMP_DESBLQ_EST3   0x000203    program     static C:\Universidad\2\labSED\final\estados.asm
                    T2ICL   0x0000c0    program     static C:\Universidad\2\labSED\final\pad.asm
                TMR2INTER   0x000027    program     static C:\Universidad\2\labSED\final\pad.asm
                  UNLOCK_   0x00020b    program     static C:\Universidad\2\labSED\final\estados.asm
                     WAIT   0x000267    program     static C:\Universidad\2\labSED\final\lcd.asm



                              Symbols - Sorted by Address
                     Name    Address   Location    Storage File                     
                ---------  ---------  ---------  --------- ---------                
                      RSI   0x000004    program     static C:\Universidad\2\labSED\final\Final.asm
                     RETI   0x00000f    program     static C:\Universidad\2\labSED\final\Final.asm
                TMR2INTER   0x000027    program     static C:\Universidad\2\labSED\final\pad.asm
                 PADINTER   0x00004a    program     static C:\Universidad\2\labSED\final\pad.asm
                COMPCOLUM   0x000072    program     static C:\Universidad\2\labSED\final\pad.asm
             CALLFROMTMP2   0x000087    program     static C:\Universidad\2\labSED\final\pad.asm
          CALLFROMCOMPPAD   0x00008c    program     static C:\Universidad\2\labSED\final\pad.asm
               KEYPADREGW   0x000093    program     static C:\Universidad\2\labSED\final\pad.asm
                      EN1   0x0000a8    program     static C:\Universidad\2\labSED\final\pad.asm
                  COMPPAD   0x0000ac    program     static C:\Universidad\2\labSED\final\pad.asm
               INICIATMP2   0x0000b5    program     static C:\Universidad\2\labSED\final\pad.asm
                    T2ICL   0x0000c0    program     static C:\Universidad\2\labSED\final\pad.asm
                  PADINIT   0x0000cc    program     static C:\Universidad\2\labSED\final\pad.asm
              SERIAL_INIT   0x0000e9    program     static C:\Universidad\2\labSED\final\serial.asm
              SERIAL_SEND   0x0000fa    program     static C:\Universidad\2\labSED\final\serial.asm
           SERIAL_RECEIVE   0x0000fe    program     static C:\Universidad\2\labSED\final\serial.asm
                SEND_NEXT   0x000102    program     static C:\Universidad\2\labSED\final\serial.asm
            SEND_NEXT_END   0x00010c    program     static C:\Universidad\2\labSED\final\serial.asm
                   SEND_T   0x000110    program     static C:\Universidad\2\labSED\final\serial.asm
                 SEND_MAS   0x000113    program     static C:\Universidad\2\labSED\final\serial.asm
                 SEND_CMD   0x000116    program     static C:\Universidad\2\labSED\final\serial.asm
                 SEND_DAT   0x000117    program     static C:\Universidad\2\labSED\final\serial.asm
              EEPROM_INIT   0x000118    program     static C:\Universidad\2\labSED\final\eeprom.asm
          EEPROM_WRITE_00   0x000121    program     static C:\Universidad\2\labSED\final\eeprom.asm
           EEPROM_READ_00   0x00013a    program     static C:\Universidad\2\labSED\final\eeprom.asm
                     PROG   0x000148    program     static C:\Universidad\2\labSED\final\Final.asm
              BUCLEOCIOSO   0x000159    program     static C:\Universidad\2\labSED\final\Final.asm
                  LEDINIT   0x00019a    program     static C:\Universidad\2\labSED\final\Final.asm
                     POR_   0x0001a4    program     static C:\Universidad\2\labSED\final\estados.asm
                 STANDBY_   0x0001a9    program     static C:\Universidad\2\labSED\final\estados.asm
              PUT_STANDBY   0x0001b0    program     static C:\Universidad\2\labSED\final\estados.asm
         PUT_STANDBY_LOOP   0x0001bd    program     static C:\Universidad\2\labSED\final\estados.asm
     PUT_STANDBY_LOOP_END   0x0001cd    program     static C:\Universidad\2\labSED\final\estados.asm
      STANDBY_COMP_DESBLQ   0x0001d2    program     static C:\Universidad\2\labSED\final\estados.asm
 STANDBY_COMP_DESBLQ_EST0   0x0001eb    program     static C:\Universidad\2\labSED\final\estados.asm
 STANDBY_COMP_DESBLQ_EST1   0x0001f3    program     static C:\Universidad\2\labSED\final\estados.asm
 STANDBY_COMP_DESBLQ_EST2   0x0001fb    program     static C:\Universidad\2\labSED\final\estados.asm
 STANDBY_COMP_DESBLQ_EST3   0x000203    program     static C:\Universidad\2\labSED\final\estados.asm
                  UNLOCK_   0x00020b    program     static C:\Universidad\2\labSED\final\estados.asm
              PUT_COMPANY   0x000211    program     static C:\Universidad\2\labSED\final\estados.asm
                MENU12_1_   0x000218    program     static C:\Universidad\2\labSED\final\estados.asm
                   MARCA_   0x000219    program     static C:\Universidad\2\labSED\final\estados.asm
              MENSAJES_1_   0x00021a    program     static C:\Universidad\2\labSED\final\estados.asm
              MENSAJES_2_   0x00021b    program     static C:\Universidad\2\labSED\final\estados.asm
            ESCRIBIR_SMS_   0x00021c    program     static C:\Universidad\2\labSED\final\estados.asm
                LEER_SMS_   0x00021d    program     static C:\Universidad\2\labSED\final\estados.asm
                  LCDINIT   0x00021e    program     static C:\Universidad\2\labSED\final\lcd.asm
                   LCDDWR   0x000251    program     static C:\Universidad\2\labSED\final\lcd.asm
                   LCDIWR   0x000253    program     static C:\Universidad\2\labSED\final\lcd.asm
                 LCDWRAUX   0x000255    program     static C:\Universidad\2\labSED\final\lcd.asm
                     WAIT   0x000267    program     static C:\Universidad\2\labSED\final\lcd.asm
                  LCDWAIT   0x000267    program     static C:\Universidad\2\labSED\final\lcd.asm
                    LCDW1   0x000268    program     static C:\Universidad\2\labSED\final\lcd.asm
                    LCDW2   0x00026a    program     static C:\Universidad\2\labSED\final\lcd.asm
                   LCDBSY   0x000271    program     static C:\Universidad\2\labSED\final\lcd.asm
                   LCDBS1   0x000276    program     static C:\Universidad\2\labSED\final\lcd.asm
                   LCDBS2   0x000283    program     static C:\Universidad\2\labSED\final\lcd.asm
                   CURADD   0x000285    program     static C:\Universidad\2\labSED\final\lcd.asm
                   LCDDIN   0x000295    program     static C:\Universidad\2\labSED\final\lcd.asm
                  LCDDOUT   0x00029b    program     static C:\Universidad\2\labSED\final\lcd.asm
                 POSACOMP   0x000800    program     static C:\Universidad\2\labSED\final\pad.inc
                 NUMAKEYR   0x000811    program     static C:\Universidad\2\labSED\final\pad.inc
             LTR_COMPANY_   0x00081a    program     static C:\Universidad\2\labSED\final\estados.inc
              LTR_STANDBY   0x00081a    program     static C:\Universidad\2\labSED\final\estados.inc


