MPLINK 4.30.01, Linker
Linker Map File - Created Wed Apr 27 12:36:53 2011

                                 Section Info
                  Section       Type    Address   Location Size(Bytes)
                ---------  ---------  ---------  ---------  ---------
                   .org_0       code   0x000000    program   0x000000
                   .org_2       code   0x000003    program   0x000002
                   .org_3       code   0x000004    program   0x0004f0
                   .org_1       code   0x000800    program   0x000046



                              Program Memory Usage 
                               Start         End      
                           ---------   ---------      
                            0x000003    0x00027b      
                            0x000800    0x000822      
            668 out of 8454 program addresses used, program memory utilization is 7%



                              Symbols - Sorted by Name
                     Name    Address   Location    Storage File                     
                ---------  ---------  ---------  --------- ---------                
              BUCLEOCIOSO   0x000143    program     static C:\Universidad\2\labSED\final\Final.asm
          CALLFROMCOMPPAD   0x00008c    program     static C:\Universidad\2\labSED\final\pad.asm
             CALLFROMTMP2   0x000087    program     static C:\Universidad\2\labSED\final\pad.asm
                COMPCOLUM   0x000072    program     static C:\Universidad\2\labSED\final\pad.asm
                  COMPPAD   0x0000ac    program     static C:\Universidad\2\labSED\final\pad.asm
                   CURADD   0x00025f    program     static C:\Universidad\2\labSED\final\lcd.asm
              EEPROM_INIT   0x000102    program     static C:\Universidad\2\labSED\final\eeprom.asm
           EEPROM_READ_00   0x000124    program     static C:\Universidad\2\labSED\final\eeprom.asm
          EEPROM_WRITE_00   0x00010b    program     static C:\Universidad\2\labSED\final\eeprom.asm
                      EN1   0x0000a8    program     static C:\Universidad\2\labSED\final\pad.asm
            ESCRIBIR_SMS_   0x0001f6    program     static C:\Universidad\2\labSED\final\estados.asm
               INICIATMP2   0x0000b5    program     static C:\Universidad\2\labSED\final\pad.asm
               KEYPADREGW   0x000093    program     static C:\Universidad\2\labSED\final\pad.asm
                   LCDBS1   0x000250    program     static C:\Universidad\2\labSED\final\lcd.asm
                   LCDBS2   0x00025d    program     static C:\Universidad\2\labSED\final\lcd.asm
                   LCDBSY   0x00024b    program     static C:\Universidad\2\labSED\final\lcd.asm
                   LCDDIN   0x00026f    program     static C:\Universidad\2\labSED\final\lcd.asm
                  LCDDOUT   0x000275    program     static C:\Universidad\2\labSED\final\lcd.asm
                   LCDDWR   0x00022b    program     static C:\Universidad\2\labSED\final\lcd.asm
                  LCDINIT   0x0001f8    program     static C:\Universidad\2\labSED\final\lcd.asm
                   LCDIWR   0x00022d    program     static C:\Universidad\2\labSED\final\lcd.asm
                    LCDW1   0x000242    program     static C:\Universidad\2\labSED\final\lcd.asm
                    LCDW2   0x000244    program     static C:\Universidad\2\labSED\final\lcd.asm
                  LCDWAIT   0x000241    program     static C:\Universidad\2\labSED\final\lcd.asm
                 LCDWRAUX   0x00022f    program     static C:\Universidad\2\labSED\final\lcd.asm
                  LEDINIT   0x000184    program     static C:\Universidad\2\labSED\final\Final.asm
                LEER_SMS_   0x0001f7    program     static C:\Universidad\2\labSED\final\estados.asm
              LTR_STANDBY   0x00081a    program     static C:\Universidad\2\labSED\final\estados.inc
                   MARCA_   0x0001f3    program     static C:\Universidad\2\labSED\final\estados.asm
              MENSAJES_1_   0x0001f4    program     static C:\Universidad\2\labSED\final\estados.asm
              MENSAJES_2_   0x0001f5    program     static C:\Universidad\2\labSED\final\estados.asm
                MENU12_1_   0x0001f2    program     static C:\Universidad\2\labSED\final\estados.asm
                 NUMAKEYR   0x000811    program     static C:\Universidad\2\labSED\final\pad.inc
                  PADINIT   0x0000cc    program     static C:\Universidad\2\labSED\final\pad.asm
                 PADINTER   0x00004a    program     static C:\Universidad\2\labSED\final\pad.asm
                     POR_   0x00018e    program     static C:\Universidad\2\labSED\final\estados.asm
                 POSACOMP   0x000800    program     static C:\Universidad\2\labSED\final\pad.inc
                     PROG   0x000132    program     static C:\Universidad\2\labSED\final\Final.asm
              PUT_STANDBY   0x000196    program     static C:\Universidad\2\labSED\final\estados.asm
         PUT_STANDBY_LOOP   0x0001a3    program     static C:\Universidad\2\labSED\final\estados.asm
     PUT_STANDBY_LOOP_END   0x0001b3    program     static C:\Universidad\2\labSED\final\estados.asm
                     RETI   0x00000f    program     static C:\Universidad\2\labSED\final\Final.asm
                      RSI   0x000004    program     static C:\Universidad\2\labSED\final\Final.asm
              SERIAL_INIT   0x0000e9    program     static C:\Universidad\2\labSED\final\serial.asm
           SERIAL_RECEIVE   0x0000fe    program     static C:\Universidad\2\labSED\final\serial.asm
              SERIAL_SEND   0x0000fa    program     static C:\Universidad\2\labSED\final\serial.asm
                 STANDBY_   0x00018f    program     static C:\Universidad\2\labSED\final\estados.asm
      STANDBY_COMP_DESBLQ   0x0001b8    program     static C:\Universidad\2\labSED\final\estados.asm
 STANDBY_COMP_DESBLQ_EST0   0x0001d1    program     static C:\Universidad\2\labSED\final\estados.asm
 STANDBY_COMP_DESBLQ_EST1   0x0001d9    program     static C:\Universidad\2\labSED\final\estados.asm
 STANDBY_COMP_DESBLQ_EST2   0x0001e1    program     static C:\Universidad\2\labSED\final\estados.asm
 STANDBY_COMP_DESBLQ_EST3   0x0001e9    program     static C:\Universidad\2\labSED\final\estados.asm
                    T2ICL   0x0000c0    program     static C:\Universidad\2\labSED\final\pad.asm
                TMR2INTER   0x000027    program     static C:\Universidad\2\labSED\final\pad.asm
                  UNLOCK_   0x0001f1    program     static C:\Universidad\2\labSED\final\estados.asm
                     WAIT   0x000241    program     static C:\Universidad\2\labSED\final\lcd.asm



                              Symbols - Sorted by Address
                     Name    Address   Location    Storage File                     
                ---------  ---------  ---------  --------- ---------                
                      RSI   0x000004    program     static C:\Universidad\2\labSED\final\Final.asm
                     RETI   0x00000f    program     static C:\Universidad\2\labSED\final\Final.asm
                TMR2INTER   0x000027    program     static C:\Universidad\2\labSED\final\pad.asm
                 PADINTER   0x00004a    program     static C:\Universidad\2\labSED\final\pad.asm
                COMPCOLUM   0x000072    program     static C:\Universidad\2\labSED\final\pad.asm
             CALLFROMTMP2   0x000087    program     static C:\Universidad\2\labSED\final\pad.asm
          CALLFROMCOMPPAD   0x00008c    program     static C:\Universidad\2\labSED\final\pad.asm
               KEYPADREGW   0x000093    program     static C:\Universidad\2\labSED\final\pad.asm
                      EN1   0x0000a8    program     static C:\Universidad\2\labSED\final\pad.asm
                  COMPPAD   0x0000ac    program     static C:\Universidad\2\labSED\final\pad.asm
               INICIATMP2   0x0000b5    program     static C:\Universidad\2\labSED\final\pad.asm
                    T2ICL   0x0000c0    program     static C:\Universidad\2\labSED\final\pad.asm
                  PADINIT   0x0000cc    program     static C:\Universidad\2\labSED\final\pad.asm
              SERIAL_INIT   0x0000e9    program     static C:\Universidad\2\labSED\final\serial.asm
              SERIAL_SEND   0x0000fa    program     static C:\Universidad\2\labSED\final\serial.asm
           SERIAL_RECEIVE   0x0000fe    program     static C:\Universidad\2\labSED\final\serial.asm
              EEPROM_INIT   0x000102    program     static C:\Universidad\2\labSED\final\eeprom.asm
          EEPROM_WRITE_00   0x00010b    program     static C:\Universidad\2\labSED\final\eeprom.asm
           EEPROM_READ_00   0x000124    program     static C:\Universidad\2\labSED\final\eeprom.asm
                     PROG   0x000132    program     static C:\Universidad\2\labSED\final\Final.asm
              BUCLEOCIOSO   0x000143    program     static C:\Universidad\2\labSED\final\Final.asm
                  LEDINIT   0x000184    program     static C:\Universidad\2\labSED\final\Final.asm
                     POR_   0x00018e    program     static C:\Universidad\2\labSED\final\estados.asm
                 STANDBY_   0x00018f    program     static C:\Universidad\2\labSED\final\estados.asm
              PUT_STANDBY   0x000196    program     static C:\Universidad\2\labSED\final\estados.asm
         PUT_STANDBY_LOOP   0x0001a3    program     static C:\Universidad\2\labSED\final\estados.asm
     PUT_STANDBY_LOOP_END   0x0001b3    program     static C:\Universidad\2\labSED\final\estados.asm
      STANDBY_COMP_DESBLQ   0x0001b8    program     static C:\Universidad\2\labSED\final\estados.asm
 STANDBY_COMP_DESBLQ_EST0   0x0001d1    program     static C:\Universidad\2\labSED\final\estados.asm
 STANDBY_COMP_DESBLQ_EST1   0x0001d9    program     static C:\Universidad\2\labSED\final\estados.asm
 STANDBY_COMP_DESBLQ_EST2   0x0001e1    program     static C:\Universidad\2\labSED\final\estados.asm
 STANDBY_COMP_DESBLQ_EST3   0x0001e9    program     static C:\Universidad\2\labSED\final\estados.asm
                  UNLOCK_   0x0001f1    program     static C:\Universidad\2\labSED\final\estados.asm
                MENU12_1_   0x0001f2    program     static C:\Universidad\2\labSED\final\estados.asm
                   MARCA_   0x0001f3    program     static C:\Universidad\2\labSED\final\estados.asm
              MENSAJES_1_   0x0001f4    program     static C:\Universidad\2\labSED\final\estados.asm
              MENSAJES_2_   0x0001f5    program     static C:\Universidad\2\labSED\final\estados.asm
            ESCRIBIR_SMS_   0x0001f6    program     static C:\Universidad\2\labSED\final\estados.asm
                LEER_SMS_   0x0001f7    program     static C:\Universidad\2\labSED\final\estados.asm
                  LCDINIT   0x0001f8    program     static C:\Universidad\2\labSED\final\lcd.asm
                   LCDDWR   0x00022b    program     static C:\Universidad\2\labSED\final\lcd.asm
                   LCDIWR   0x00022d    program     static C:\Universidad\2\labSED\final\lcd.asm
                 LCDWRAUX   0x00022f    program     static C:\Universidad\2\labSED\final\lcd.asm
                     WAIT   0x000241    program     static C:\Universidad\2\labSED\final\lcd.asm
                  LCDWAIT   0x000241    program     static C:\Universidad\2\labSED\final\lcd.asm
                    LCDW1   0x000242    program     static C:\Universidad\2\labSED\final\lcd.asm
                    LCDW2   0x000244    program     static C:\Universidad\2\labSED\final\lcd.asm
                   LCDBSY   0x00024b    program     static C:\Universidad\2\labSED\final\lcd.asm
                   LCDBS1   0x000250    program     static C:\Universidad\2\labSED\final\lcd.asm
                   LCDBS2   0x00025d    program     static C:\Universidad\2\labSED\final\lcd.asm
                   CURADD   0x00025f    program     static C:\Universidad\2\labSED\final\lcd.asm
                   LCDDIN   0x00026f    program     static C:\Universidad\2\labSED\final\lcd.asm
                  LCDDOUT   0x000275    program     static C:\Universidad\2\labSED\final\lcd.asm
                 POSACOMP   0x000800    program     static C:\Universidad\2\labSED\final\pad.inc
                 NUMAKEYR   0x000811    program     static C:\Universidad\2\labSED\final\pad.inc
              LTR_STANDBY   0x00081a    program     static C:\Universidad\2\labSED\final\estados.inc


