MPLINK 4.30.01, Linker
Linker Map File - Created Mon Jun 27 23:05:05 2011

                                 Section Info
                  Section       Type    Address   Location Size(Bytes)
                ---------  ---------  ---------  ---------  ---------
                   .org_0       code   0x000000    program   0x000000
                   .org_2       code   0x000003    program   0x000002
                   .org_3       code   0x000004    program   0x0006ca
                   .org_1       code   0x000800    program   0x0000bc



                              Program Memory Usage 
                               Start         End      
                           ---------   ---------      
                            0x000003    0x000368      
                            0x000800    0x00085d      
            964 out of 8454 program addresses used, program memory utilization is 11%



                              Symbols - Sorted by Name
                     Name    Address   Location    Storage File                     
                ---------  ---------  ---------  --------- ---------                
              BUCLEOCIOSO   0x0001ab    program     static C:\Universidad\2\labSED\final\Final.asm
          CALLFROMCOMPPAD   0x000091    program     static C:\Universidad\2\labSED\final\pad.asm
             CALLFROMTMP2   0x00008c    program     static C:\Universidad\2\labSED\final\pad.asm
                COMPCOLUM   0x000077    program     static C:\Universidad\2\labSED\final\pad.asm
                  COMPPAD   0x0000b1    program     static C:\Universidad\2\labSED\final\pad.asm
                   CURADD   0x00034c    program     static C:\Universidad\2\labSED\final\lcd.asm
              EEPROM_INIT   0x00016d    program     static C:\Universidad\2\labSED\final\eeprom.asm
              EEPROM_READ   0x00018f    program     static C:\Universidad\2\labSED\final\eeprom.asm
             EEPROM_WRITE   0x000176    program     static C:\Universidad\2\labSED\final\eeprom.asm
                      EN1   0x0000ad    program     static C:\Universidad\2\labSED\final\pad.asm
            ESCRIBIR_SMS_   0x0002d1    program     static C:\Universidad\2\labSED\final\estados.asm
      ESCRIBIR_SMS_PARSER   0x0002db    program     static C:\Universidad\2\labSED\final\estados.asm
                     GOIN   0x00028b    program     static C:\Universidad\2\labSED\final\estados.asm
               GONEXTLINE   0x0002ce    program     static C:\Universidad\2\labSED\final\estados.asm
               INICIATMP2   0x0000ba    program     static C:\Universidad\2\labSED\final\pad.asm
               KEYPADREGW   0x000098    program     static C:\Universidad\2\labSED\final\pad.asm
                   LCDBS1   0x00033d    program     static C:\Universidad\2\labSED\final\lcd.asm
                   LCDBS2   0x00034a    program     static C:\Universidad\2\labSED\final\lcd.asm
                   LCDBSY   0x000338    program     static C:\Universidad\2\labSED\final\lcd.asm
                   LCDDIN   0x00035c    program     static C:\Universidad\2\labSED\final\lcd.asm
                  LCDDOUT   0x000362    program     static C:\Universidad\2\labSED\final\lcd.asm
                   LCDDWR   0x000318    program     static C:\Universidad\2\labSED\final\lcd.asm
                  LCDINIT   0x0002e5    program     static C:\Universidad\2\labSED\final\lcd.asm
                   LCDIWR   0x00031a    program     static C:\Universidad\2\labSED\final\lcd.asm
                    LCDW1   0x00032f    program     static C:\Universidad\2\labSED\final\lcd.asm
                    LCDW2   0x000331    program     static C:\Universidad\2\labSED\final\lcd.asm
                  LCDWAIT   0x00032e    program     static C:\Universidad\2\labSED\final\lcd.asm
                 LCDWRAUX   0x00031c    program     static C:\Universidad\2\labSED\final\lcd.asm
                  LEDINIT   0x0001d0    program     static C:\Universidad\2\labSED\final\Final.asm
              LTR_COMPANY   0x000823    program     static C:\Universidad\2\labSED\final\estados.inc
             LTR_MENU12_1   0x000832    program     static C:\Universidad\2\labSED\final\estados.inc
              LTR_STANDBY   0x00081a    program     static C:\Universidad\2\labSED\final\estados.inc
                MENU12_1_   0x00029f    program     static C:\Universidad\2\labSED\final\estados.asm
    MODEM_CMD_NUM_NO_ECHO   0x000851    program     static C:\Universidad\2\labSED\final\serial.inc
          MODEM_CMD_RESET   0x000859    program     static C:\Universidad\2\labSED\final\serial.inc
              MODEM_TABLE   0x000850    program     static C:\Universidad\2\labSED\final\serial.inc
                 NUMAKEYR   0x000811    program     static C:\Universidad\2\labSED\final\pad.inc
                  PADINIT   0x0000d1    program     static C:\Universidad\2\labSED\final\pad.asm
                 PADINTER   0x00004f    program     static C:\Universidad\2\labSED\final\pad.asm
                     POR_   0x0001da    program     static C:\Universidad\2\labSED\final\estados.asm
      POR_CTL_PER_ANALIZE   0x0001f4    program     static C:\Universidad\2\labSED\final\estados.asm
       POR_CTL_PER_CONFIG   0x0001e5    program     static C:\Universidad\2\labSED\final\estados.asm
                 POR_WAIT   0x0001f0    program     static C:\Universidad\2\labSED\final\estados.asm
                 POSACOMP   0x000800    program     static C:\Universidad\2\labSED\final\pad.inc
                     PROG   0x000197    program     static C:\Universidad\2\labSED\final\Final.asm
              PUT_COMPANY   0x00026f    program     static C:\Universidad\2\labSED\final\estados.asm
         PUT_COMPANY_LOOP   0x00027a    program     static C:\Universidad\2\labSED\final\estados.asm
     PUT_COMPANY_LOOP_END   0x000286    program     static C:\Universidad\2\labSED\final\estados.asm
             PUT_MENU12_1   0x0002ac    program     static C:\Universidad\2\labSED\final\estados.asm
        PUT_MENU12_1_LOOP   0x0002b7    program     static C:\Universidad\2\labSED\final\estados.asm
    PUT_MENU12_1_LOOP_END   0x0002c9    program     static C:\Universidad\2\labSED\final\estados.asm
  PUT_MENU12_1_LOOP_SALTO   0x0002c6    program     static C:\Universidad\2\labSED\final\estados.asm
              PUT_STANDBY   0x000215    program     static C:\Universidad\2\labSED\final\estados.asm
         PUT_STANDBY_LOOP   0x000220    program     static C:\Universidad\2\labSED\final\estados.asm
     PUT_STANDBY_LOOP_END   0x00022c    program     static C:\Universidad\2\labSED\final\estados.asm
             RECEIVE_NEXT   0x000164    program     static C:\Universidad\2\labSED\final\serial.asm
                     RETI   0x000012    program     static C:\Universidad\2\labSED\final\Final.asm
                      RSI   0x000004    program     static C:\Universidad\2\labSED\final\Final.asm
                  SEND_AT   0x000105    program     static C:\Universidad\2\labSED\final\serial.asm
                 SEND_CMD   0x000132    program     static C:\Universidad\2\labSED\final\serial.asm
                 SEND_DAT   0x00013f    program     static C:\Universidad\2\labSED\final\serial.asm
             SEND_DAT_END   0x000149    program     static C:\Universidad\2\labSED\final\serial.asm
                 SEND_EEP   0x00014e    program     static C:\Universidad\2\labSED\final\serial.asm
             SEND_EEP_END   0x00015e    program     static C:\Universidad\2\labSED\final\serial.asm
                SEND_NEXT   0x00011a    program     static C:\Universidad\2\labSED\final\serial.asm
            SEND_NEXT_END   0x00012e    program     static C:\Universidad\2\labSED\final\serial.asm
              SERIAL_INIT   0x0000ee    program     static C:\Universidad\2\labSED\final\serial.asm
           SERIAL_RECEIVE   0x000116    program     static C:\Universidad\2\labSED\final\serial.asm
              SERIAL_SEND   0x000112    program     static C:\Universidad\2\labSED\final\serial.asm
                 STANDBY_   0x000207    program     static C:\Universidad\2\labSED\final\estados.asm
      STANDBY_COMP_DESBLQ   0x000231    program     static C:\Universidad\2\labSED\final\estados.asm
 STANDBY_COMP_DESBLQ_EST0   0x000242    program     static C:\Universidad\2\labSED\final\estados.asm
 STANDBY_COMP_DESBLQ_EST1   0x00024a    program     static C:\Universidad\2\labSED\final\estados.asm
 STANDBY_COMP_DESBLQ_EST2   0x000252    program     static C:\Universidad\2\labSED\final\estados.asm
 STANDBY_COMP_DESBLQ_EST3   0x00025a    program     static C:\Universidad\2\labSED\final\estados.asm
                    T2ICL   0x0000c5    program     static C:\Universidad\2\labSED\final\pad.asm
                TMR2INTER   0x00002c    program     static C:\Universidad\2\labSED\final\pad.asm
                  UNLOCK_   0x000262    program     static C:\Universidad\2\labSED\final\estados.asm
    UNLOCK_COMP_GOIN_EST0   0x00028f    program     static C:\Universidad\2\labSED\final\estados.asm
    UNLOCK_COMP_GOIN_EST1   0x000295    program     static C:\Universidad\2\labSED\final\estados.asm
                     WAIT   0x00032e    program     static C:\Universidad\2\labSED\final\lcd.asm



                              Symbols - Sorted by Address
                     Name    Address   Location    Storage File                     
                ---------  ---------  ---------  --------- ---------                
                      RSI   0x000004    program     static C:\Universidad\2\labSED\final\Final.asm
                     RETI   0x000012    program     static C:\Universidad\2\labSED\final\Final.asm
                TMR2INTER   0x00002c    program     static C:\Universidad\2\labSED\final\pad.asm
                 PADINTER   0x00004f    program     static C:\Universidad\2\labSED\final\pad.asm
                COMPCOLUM   0x000077    program     static C:\Universidad\2\labSED\final\pad.asm
             CALLFROMTMP2   0x00008c    program     static C:\Universidad\2\labSED\final\pad.asm
          CALLFROMCOMPPAD   0x000091    program     static C:\Universidad\2\labSED\final\pad.asm
               KEYPADREGW   0x000098    program     static C:\Universidad\2\labSED\final\pad.asm
                      EN1   0x0000ad    program     static C:\Universidad\2\labSED\final\pad.asm
                  COMPPAD   0x0000b1    program     static C:\Universidad\2\labSED\final\pad.asm
               INICIATMP2   0x0000ba    program     static C:\Universidad\2\labSED\final\pad.asm
                    T2ICL   0x0000c5    program     static C:\Universidad\2\labSED\final\pad.asm
                  PADINIT   0x0000d1    program     static C:\Universidad\2\labSED\final\pad.asm
              SERIAL_INIT   0x0000ee    program     static C:\Universidad\2\labSED\final\serial.asm
                  SEND_AT   0x000105    program     static C:\Universidad\2\labSED\final\serial.asm
              SERIAL_SEND   0x000112    program     static C:\Universidad\2\labSED\final\serial.asm
           SERIAL_RECEIVE   0x000116    program     static C:\Universidad\2\labSED\final\serial.asm
                SEND_NEXT   0x00011a    program     static C:\Universidad\2\labSED\final\serial.asm
            SEND_NEXT_END   0x00012e    program     static C:\Universidad\2\labSED\final\serial.asm
                 SEND_CMD   0x000132    program     static C:\Universidad\2\labSED\final\serial.asm
                 SEND_DAT   0x00013f    program     static C:\Universidad\2\labSED\final\serial.asm
             SEND_DAT_END   0x000149    program     static C:\Universidad\2\labSED\final\serial.asm
                 SEND_EEP   0x00014e    program     static C:\Universidad\2\labSED\final\serial.asm
             SEND_EEP_END   0x00015e    program     static C:\Universidad\2\labSED\final\serial.asm
             RECEIVE_NEXT   0x000164    program     static C:\Universidad\2\labSED\final\serial.asm
              EEPROM_INIT   0x00016d    program     static C:\Universidad\2\labSED\final\eeprom.asm
             EEPROM_WRITE   0x000176    program     static C:\Universidad\2\labSED\final\eeprom.asm
              EEPROM_READ   0x00018f    program     static C:\Universidad\2\labSED\final\eeprom.asm
                     PROG   0x000197    program     static C:\Universidad\2\labSED\final\Final.asm
              BUCLEOCIOSO   0x0001ab    program     static C:\Universidad\2\labSED\final\Final.asm
                  LEDINIT   0x0001d0    program     static C:\Universidad\2\labSED\final\Final.asm
                     POR_   0x0001da    program     static C:\Universidad\2\labSED\final\estados.asm
       POR_CTL_PER_CONFIG   0x0001e5    program     static C:\Universidad\2\labSED\final\estados.asm
                 POR_WAIT   0x0001f0    program     static C:\Universidad\2\labSED\final\estados.asm
      POR_CTL_PER_ANALIZE   0x0001f4    program     static C:\Universidad\2\labSED\final\estados.asm
                 STANDBY_   0x000207    program     static C:\Universidad\2\labSED\final\estados.asm
              PUT_STANDBY   0x000215    program     static C:\Universidad\2\labSED\final\estados.asm
         PUT_STANDBY_LOOP   0x000220    program     static C:\Universidad\2\labSED\final\estados.asm
     PUT_STANDBY_LOOP_END   0x00022c    program     static C:\Universidad\2\labSED\final\estados.asm
      STANDBY_COMP_DESBLQ   0x000231    program     static C:\Universidad\2\labSED\final\estados.asm
 STANDBY_COMP_DESBLQ_EST0   0x000242    program     static C:\Universidad\2\labSED\final\estados.asm
 STANDBY_COMP_DESBLQ_EST1   0x00024a    program     static C:\Universidad\2\labSED\final\estados.asm
 STANDBY_COMP_DESBLQ_EST2   0x000252    program     static C:\Universidad\2\labSED\final\estados.asm
 STANDBY_COMP_DESBLQ_EST3   0x00025a    program     static C:\Universidad\2\labSED\final\estados.asm
                  UNLOCK_   0x000262    program     static C:\Universidad\2\labSED\final\estados.asm
              PUT_COMPANY   0x00026f    program     static C:\Universidad\2\labSED\final\estados.asm
         PUT_COMPANY_LOOP   0x00027a    program     static C:\Universidad\2\labSED\final\estados.asm
     PUT_COMPANY_LOOP_END   0x000286    program     static C:\Universidad\2\labSED\final\estados.asm
                     GOIN   0x00028b    program     static C:\Universidad\2\labSED\final\estados.asm
    UNLOCK_COMP_GOIN_EST0   0x00028f    program     static C:\Universidad\2\labSED\final\estados.asm
    UNLOCK_COMP_GOIN_EST1   0x000295    program     static C:\Universidad\2\labSED\final\estados.asm
                MENU12_1_   0x00029f    program     static C:\Universidad\2\labSED\final\estados.asm
             PUT_MENU12_1   0x0002ac    program     static C:\Universidad\2\labSED\final\estados.asm
        PUT_MENU12_1_LOOP   0x0002b7    program     static C:\Universidad\2\labSED\final\estados.asm
  PUT_MENU12_1_LOOP_SALTO   0x0002c6    program     static C:\Universidad\2\labSED\final\estados.asm
    PUT_MENU12_1_LOOP_END   0x0002c9    program     static C:\Universidad\2\labSED\final\estados.asm
               GONEXTLINE   0x0002ce    program     static C:\Universidad\2\labSED\final\estados.asm
            ESCRIBIR_SMS_   0x0002d1    program     static C:\Universidad\2\labSED\final\estados.asm
      ESCRIBIR_SMS_PARSER   0x0002db    program     static C:\Universidad\2\labSED\final\estados.asm
                  LCDINIT   0x0002e5    program     static C:\Universidad\2\labSED\final\lcd.asm
                   LCDDWR   0x000318    program     static C:\Universidad\2\labSED\final\lcd.asm
                   LCDIWR   0x00031a    program     static C:\Universidad\2\labSED\final\lcd.asm
                 LCDWRAUX   0x00031c    program     static C:\Universidad\2\labSED\final\lcd.asm
                     WAIT   0x00032e    program     static C:\Universidad\2\labSED\final\lcd.asm
                  LCDWAIT   0x00032e    program     static C:\Universidad\2\labSED\final\lcd.asm
                    LCDW1   0x00032f    program     static C:\Universidad\2\labSED\final\lcd.asm
                    LCDW2   0x000331    program     static C:\Universidad\2\labSED\final\lcd.asm
                   LCDBSY   0x000338    program     static C:\Universidad\2\labSED\final\lcd.asm
                   LCDBS1   0x00033d    program     static C:\Universidad\2\labSED\final\lcd.asm
                   LCDBS2   0x00034a    program     static C:\Universidad\2\labSED\final\lcd.asm
                   CURADD   0x00034c    program     static C:\Universidad\2\labSED\final\lcd.asm
                   LCDDIN   0x00035c    program     static C:\Universidad\2\labSED\final\lcd.asm
                  LCDDOUT   0x000362    program     static C:\Universidad\2\labSED\final\lcd.asm
                 POSACOMP   0x000800    program     static C:\Universidad\2\labSED\final\pad.inc
                 NUMAKEYR   0x000811    program     static C:\Universidad\2\labSED\final\pad.inc
              LTR_STANDBY   0x00081a    program     static C:\Universidad\2\labSED\final\estados.inc
              LTR_COMPANY   0x000823    program     static C:\Universidad\2\labSED\final\estados.inc
             LTR_MENU12_1   0x000832    program     static C:\Universidad\2\labSED\final\estados.inc
              MODEM_TABLE   0x000850    program     static C:\Universidad\2\labSED\final\serial.inc
    MODEM_CMD_NUM_NO_ECHO   0x000851    program     static C:\Universidad\2\labSED\final\serial.inc
          MODEM_CMD_RESET   0x000859    program     static C:\Universidad\2\labSED\final\serial.inc


