EN testpractica3 NULL "C:/MIJ/2/Electronica Digital/practica3/practica3/testpractica3.vhw" sub00/vhpl04 1287061956
AR sumador behavioral "C:/MIJ/2/Electronica Digital/practica3/practica3/sumador.vhd" sub00/vhpl01 1287061953
EN entidad NULL "C:/MIJ/2/Electronica Digital/practica3/practica3/main3.vhd" sub00/vhpl02 1287061954
AR entidad behavioral "C:/MIJ/2/Electronica Digital/practica3/practica3/main3.vhd" sub00/vhpl03 1287061955
AR testpractica3 testbench_arch "C:/MIJ/2/Electronica Digital/practica3/practica3/testpractica3.vhw" sub00/vhpl05 1287061957
EN sumador NULL "C:/MIJ/2/Electronica Digital/practica3/practica3/sumador.vhd" sub00/vhpl00 1287061952
