MPLINK 4.30.01, Linker
Linker Map File - Created Tue Mar 01 16:18:06 2011

                                 Section Info
                  Section       Type    Address   Location Size(Bytes)
                ---------  ---------  ---------  ---------  ---------
                   .org_0       code   0x000003    program   0x000002
                   .org_1       code   0x000004    program   0x00005e
                   .cinit    romdata   0x001800    program   0x000004



                              Program Memory Usage 
                               Start         End      
                           ---------   ---------      
                            0x000003    0x000032      
                            0x001800    0x001801      
            50 out of 8454 program addresses used, program memory utilization is 0%



                              Symbols - Sorted by Name
                     Name    Address   Location    Storage File                     
                ---------  ---------  ---------  --------- ---------                
                   INITPA   0x000024    program     static C:\Universidad\2\labSED\practica3\ejercicio3.asm
                 INITTMR0   0x00002c    program     static C:\Universidad\2\labSED\practica3\ejercicio3.asm
                     INT2   0x000016    program     static C:\Universidad\2\labSED\practica3\ejercicio3.asm
                   INTERR   0x000004    program     static C:\Universidad\2\labSED\practica3\ejercicio3.asm
                 LAZOPPAL   0x000023    program     static C:\Universidad\2\labSED\practica3\ejercicio3.asm
                 PROGPPAL   0x000020    program     static C:\Universidad\2\labSED\practica3\ejercicio3.asm
                   RETINT   0x000017    program     static C:\Universidad\2\labSED\practica3\ejercicio3.asm



                              Symbols - Sorted by Address
                     Name    Address   Location    Storage File                     
                ---------  ---------  ---------  --------- ---------                
                   INTERR   0x000004    program     static C:\Universidad\2\labSED\practica3\ejercicio3.asm
                     INT2   0x000016    program     static C:\Universidad\2\labSED\practica3\ejercicio3.asm
                   RETINT   0x000017    program     static C:\Universidad\2\labSED\practica3\ejercicio3.asm
                 PROGPPAL   0x000020    program     static C:\Universidad\2\labSED\practica3\ejercicio3.asm
                 LAZOPPAL   0x000023    program     static C:\Universidad\2\labSED\practica3\ejercicio3.asm
                   INITPA   0x000024    program     static C:\Universidad\2\labSED\practica3\ejercicio3.asm
                 INITTMR0   0x00002c    program     static C:\Universidad\2\labSED\practica3\ejercicio3.asm


