AR entidad behavioral C:/Universidad/2/ElectronicaDigital/practica3/practica3/main3.vhd sub00/vhpl03 1287520015
AR sumador behavioral C:/Universidad/2/ElectronicaDigital/practica3/practica3/sumador.vhd sub00/vhpl01 1287520013
EN entidad NULL C:/Universidad/2/ElectronicaDigital/practica3/practica3/main3.vhd sub00/vhpl02 1287520014
EN sumador NULL C:/Universidad/2/ElectronicaDigital/practica3/practica3/sumador.vhd sub00/vhpl00 1287520012
