V3 10
FL "C:/MIJ/2/Electronica Digital/practica3/practica3/main3.vhd" 2010/10/14.15:17:47 J.36
FL "C:/MIJ/2/Electronica Digital/practica3/practica3/sumador.vhd" 2010/10/14.15:19:01 J.36
FL C:/MJ/2/ElectronicaDigital/practica3/main3.vhd 2010/10/28.13:49:01 J.36
EN work/entidad 1288266554 FL C:/MJ/2/ElectronicaDigital/practica3/main3.vhd \
      PB ieee/std_logic_1164 1177545575 PB ieee/std_logic_arith 1177545576 \
      PB ieee/STD_LOGIC_UNSIGNED 1177545583
AR work/entidad/Behavioral 1288266555 \
      FL C:/MJ/2/ElectronicaDigital/practica3/main3.vhd EN work/entidad 1288266554 \
      CP work/sumador
FL C:/MJ/2/ElectronicaDigital/practica3/sumador.vhd 2010/10/21.13:40:45 J.36
EN work/sumador 1288266552 FL C:/MJ/2/ElectronicaDigital/practica3/sumador.vhd \
      PB ieee/std_logic_1164 1177545575 PB ieee/std_logic_arith 1177545576 \
      PB ieee/STD_LOGIC_UNSIGNED 1177545583
AR work/sumador/Behavioral 1288266553 \
      FL C:/MJ/2/ElectronicaDigital/practica3/sumador.vhd EN work/sumador 1288266552
FL F:/Universidad/2/ElectronicaDigital/practica3/main3.vhd 2010/10/16.16:46:06 J.36
