--------------------------------------------------------------------------------
Release 9.2i Trace 
Copyright (c) 1995-2007 Xilinx, Inc.  All rights reserved.

C:\Archivos de programa\Xilinx ISE 9.2i\bin\nt\trce.exe -ise
C:/MJ/2/ElectronicaDigital/Practica5/practica5/practica5.ise -intstyle ise -e 3
-s 4 -xml principal principal.ncd -o principal.twr principal.pcf -ucf nexys.ucf

Design file:              principal.ncd
Physical constraint file: principal.pcf
Device,package,speed:     xc3s400,ft256,-4 (PRODUCTION 1.39 2007-04-13)
Report level:             error report

Environment Variable      Effect 
--------------------      ------ 
NONE                      No environment variables were set
--------------------------------------------------------------------------------

INFO:Timing:2698 - No timing constraints found, doing default enumeration.
INFO:Timing:2752 - To get complete path coverage, use the unconstrained paths 
   option. All paths that are not constrained will be reported in the 
   unconstrained paths section(s) of the report.
INFO:Timing:3339 - The clock-to-out numbers in this timing report are based on 
   a 50 Ohm transmission line loading model.  For the details of this model, 
   and for more information on accounting for different loading conditions, 
   please see the device datasheet.



Data Sheet report:
-----------------
All values displayed in nanoseconds (ns)

Clock mclk to Pad
------------+------------+------------------+--------+
            | clk (edge) |                  | Clock  |
Destination |   to PAD   |Internal Clock(s) | Phase  |
------------+------------+------------------+--------+
led<0>      |   11.915(R)|mclk_BUFGP        |   0.000|
led<1>      |   13.305(R)|mclk_BUFGP        |   0.000|
led<2>      |   12.235(R)|mclk_BUFGP        |   0.000|
led<3>      |   12.225(R)|mclk_BUFGP        |   0.000|
led<4>      |   12.040(R)|mclk_BUFGP        |   0.000|
led<5>      |   11.702(R)|mclk_BUFGP        |   0.000|
led<6>      |   12.436(R)|mclk_BUFGP        |   0.000|
led<7>      |   12.436(R)|mclk_BUFGP        |   0.000|
------------+------------+------------------+--------+

Clock to Setup on destination clock btn<0>
---------------+---------+---------+---------+---------+
               | Src:Rise| Src:Fall| Src:Rise| Src:Fall|
Source Clock   |Dest:Rise|Dest:Rise|Dest:Fall|Dest:Fall|
---------------+---------+---------+---------+---------+
btn<0>         |         |         |    4.651|    4.651|
mclk           |         |         |    8.663|         |
swt<0>         |         |         |    6.036|    6.036|
swt<7>         |         |         |    4.923|    4.923|
---------------+---------+---------+---------+---------+

Clock to Setup on destination clock mclk
---------------+---------+---------+---------+---------+
               | Src:Rise| Src:Fall| Src:Rise| Src:Fall|
Source Clock   |Dest:Rise|Dest:Rise|Dest:Fall|Dest:Fall|
---------------+---------+---------+---------+---------+
btn<0>         |         |    2.248|         |         |
swt<0>         |         |    2.248|         |         |
swt<7>         |         |    2.248|         |         |
---------------+---------+---------+---------+---------+

Clock to Setup on destination clock swt<0>
---------------+---------+---------+---------+---------+
               | Src:Rise| Src:Fall| Src:Rise| Src:Fall|
Source Clock   |Dest:Rise|Dest:Rise|Dest:Fall|Dest:Fall|
---------------+---------+---------+---------+---------+
btn<0>         |         |         |    3.029|    3.029|
mclk           |         |         |    8.663|         |
swt<0>         |         |         |    4.414|    4.414|
swt<7>         |         |         |    3.301|    3.301|
---------------+---------+---------+---------+---------+

Clock to Setup on destination clock swt<7>
---------------+---------+---------+---------+---------+
               | Src:Rise| Src:Fall| Src:Rise| Src:Fall|
Source Clock   |Dest:Rise|Dest:Rise|Dest:Fall|Dest:Fall|
---------------+---------+---------+---------+---------+
btn<0>         |         |         |    3.042|    3.042|
mclk           |         |         |    8.663|         |
swt<0>         |         |         |    4.427|    4.427|
swt<7>         |         |         |    3.314|    3.314|
---------------+---------+---------+---------+---------+


Analysis completed Thu Nov 25 14:34:55 2010 
--------------------------------------------------------------------------------

Trace Settings:
-------------------------
Trace Settings 

Peak Memory Usage: 80 MB



