MPLINK 4.38, Linker
Linker Map File - Created Tue Feb 08 17:58:15 2011

                                 Section Info
                  Section       Type    Address   Location Size(Bytes)
                ---------  ---------  ---------  ---------  ---------
                   .cinit    romdata   0x000000    program   0x000004
                   .org_0       code   0x000003    program   0x000036



                              Program Memory Usage 
                               Start         End      
                           ---------   ---------      
                            0x000000    0x000001      
                            0x000003    0x00001d      
            29 out of 8455 program addresses used, program memory utilization is 0%



                              Symbols - Sorted by Name
                     Name    Address   Location    Storage File                     
                ---------  ---------  ---------  --------- ---------                
                 LAZOPPAL   0x00000b    program     static C:\Universidad\2\labSED\practica1\ejercicio1.asm
                   PAUS11   0x00000e    program     static C:\Universidad\2\labSED\practica1\ejercicio1.asm
                   PAUS12   0x000010    program     static C:\Universidad\2\labSED\practica1\ejercicio1.asm
                   PAUS21   0x000017    program     static C:\Universidad\2\labSED\practica1\ejercicio1.asm
                   PAUS22   0x000019    program     static C:\Universidad\2\labSED\practica1\ejercicio1.asm
                 PROGPPAL   0x000004    program     static C:\Universidad\2\labSED\practica1\ejercicio1.asm



                              Symbols - Sorted by Address
                     Name    Address   Location    Storage File                     
                ---------  ---------  ---------  --------- ---------                
                 PROGPPAL   0x000004    program     static C:\Universidad\2\labSED\practica1\ejercicio1.asm
                 LAZOPPAL   0x00000b    program     static C:\Universidad\2\labSED\practica1\ejercicio1.asm
                   PAUS11   0x00000e    program     static C:\Universidad\2\labSED\practica1\ejercicio1.asm
                   PAUS12   0x000010    program     static C:\Universidad\2\labSED\practica1\ejercicio1.asm
                   PAUS21   0x000017    program     static C:\Universidad\2\labSED\practica1\ejercicio1.asm
                   PAUS22   0x000019    program     static C:\Universidad\2\labSED\practica1\ejercicio1.asm


