V3 7
FL C:/Universidad/2/ElectronicaDigital/practica3/practica3/main3.vhd 2010/10/16.16:46:06 M.70d
EN work/entidad 1287520014 \
      FL C:/Universidad/2/ElectronicaDigital/practica3/practica3/main3.vhd \
      PB ieee/std_logic_1164 1284609568 PB ieee/std_logic_arith 1284609569 \
      PB ieee/STD_LOGIC_UNSIGNED 1284609570
AR work/entidad/Behavioral 1287520015 \
      FL C:/Universidad/2/ElectronicaDigital/practica3/practica3/main3.vhd \
      EN work/entidad 1287520014 CP work/sumador
FL C:/Universidad/2/ElectronicaDigital/practica3/practica3/sumador.vhd 2010/10/16.16:46:06 M.70d
EN work/sumador 1287520012 \
      FL C:/Universidad/2/ElectronicaDigital/practica3/practica3/sumador.vhd \
      PB ieee/std_logic_1164 1284609568 PB ieee/std_logic_arith 1284609569 \
      PB ieee/STD_LOGIC_UNSIGNED 1284609570
AR work/sumador/Behavioral 1287520013 \
      FL C:/Universidad/2/ElectronicaDigital/practica3/practica3/sumador.vhd \
      EN work/sumador 1287520012
