EN estado_siguiente NULL C:/MJ/2/ElectronicaDigital/Practica5/practica5/estado_siguiente.vhd sub00/vhpl02 1290088495
EN principal NULL C:/MJ/2/ElectronicaDigital/Practica5/practica5/principal.vhd sub00/vhpl06 1290088640
AR simulacion testbench_arch C:/MJ/2/ElectronicaDigital/Practica5/practica5/simulacion.vhw sub00/vhpl09 1290088643
EN cambio_estado NULL C:/MJ/2/ElectronicaDigital/Practica5/practica5/cambio_estado.vhd sub00/vhpl00 1290088493
AR principal behavioral C:/MJ/2/ElectronicaDigital/Practica5/practica5/principal.vhd sub00/vhpl07 1290088641
EN salidas NULL C:/MJ/2/ElectronicaDigital/Practica5/practica5/salidas.vhd sub00/vhpl04 1290088497
AR salidas behavioral C:/MJ/2/ElectronicaDigital/Practica5/practica5/salidas.vhd sub00/vhpl05 1290088498
AR estado_siguiente behavioral C:/MJ/2/ElectronicaDigital/Practica5/practica5/estado_siguiente.vhd sub00/vhpl03 1290088496
EN simulacion NULL C:/MJ/2/ElectronicaDigital/Practica5/practica5/simulacion.vhw sub00/vhpl08 1290088642
AR cambio_estado behavioral C:/MJ/2/ElectronicaDigital/Practica5/practica5/cambio_estado.vhd sub00/vhpl01 1290088494
