EN estado_siguiente NULL C:/MJ/2/ElectronicaDigital/Practica5/practica5/estado_siguiente.vhd sub00/vhpl02 1290686865
EN principal NULL C:/MJ/2/ElectronicaDigital/Practica5/practica5/principal.vhd sub00/vhpl06 1290692415
AR simulacion testbench_arch C:/MJ/2/ElectronicaDigital/Practica5/practica5/simulacion.vhw sub00/vhpl09 1290692418
EN cambio_estado NULL C:/MJ/2/ElectronicaDigital/Practica5/practica5/cambio_estado.vhd sub00/vhpl00 1290686863
AR principal behavioral C:/MJ/2/ElectronicaDigital/Practica5/practica5/principal.vhd sub00/vhpl07 1290692416
EN salidas NULL C:/MJ/2/ElectronicaDigital/Practica5/practica5/salidas.vhd sub00/vhpl04 1290088497
AR salidas behavioral C:/MJ/2/ElectronicaDigital/Practica5/practica5/salidas.vhd sub00/vhpl05 1290088498
AR estado_siguiente behavioral C:/MJ/2/ElectronicaDigital/Practica5/practica5/estado_siguiente.vhd sub00/vhpl03 1290686866
EN simulacion NULL C:/MJ/2/ElectronicaDigital/Practica5/practica5/simulacion.vhw sub00/vhpl08 1290692417
AR cambio_estado behavioral C:/MJ/2/ElectronicaDigital/Practica5/practica5/cambio_estado.vhd sub00/vhpl01 1290686864
