EN estado_siguiente NULL C:/MJ/2/ElectronicaDigital/Practica5/practica5/estado_siguiente.vhd sub00/vhpl03 1290085744
EN principal NULL C:/MJ/2/ElectronicaDigital/Practica5/practica5/principal.vhd sub00/vhpl00 1289480939
EN cambio_estado NULL C:/MJ/2/ElectronicaDigital/Practica5/practica5/cambio_estado.vhd sub00/vhpl01 1290085742
AR principal behavioral C:/MJ/2/ElectronicaDigital/Practica5/practica5/principal.vhd sub00/vhpl07 1289480940
EN salidas NULL C:/MJ/2/ElectronicaDigital/Practica5/practica5/salidas.vhd sub00/vhpl05 1290083381
AR salidas behavioral C:/MJ/2/ElectronicaDigital/Practica5/practica5/salidas.vhd sub00/vhpl06 1289480938
AR estado_siguiente behavioral C:/MJ/2/ElectronicaDigital/Practica5/practica5/estado_siguiente.vhd sub00/vhpl04 1289480936
AR cambio_estado behavioral C:/MJ/2/ElectronicaDigital/Practica5/practica5/cambio_estado.vhd sub00/vhpl02 1290085743
