AR placa behavioral C:/MJ/2/ElectronicaDigital/practica4/practica4.vhd sub00/vhpl05 1287664604
EN placa NULL C:/MJ/2/ElectronicaDigital/practica4/practica4.vhd sub00/vhpl00 1287664603
EN contbcd NULL C:/MJ/2/ElectronicaDigital/practica4/contbcd.vhd sub00/vhpl03 1287664601
AR contbcd behavioral C:/MJ/2/ElectronicaDigital/practica4/contbcd.vhd sub00/vhpl04 1287664602
AR contjohn behavioral C:/MJ/2/ElectronicaDigital/practica4/contjohn.vhd sub00/vhpl02 1287664600
EN contjohn NULL C:/MJ/2/ElectronicaDigital/practica4/contjohn.vhd sub00/vhpl01 1287664599
