AR placa behavioral C:/MJ/2/ElectronicaDigital/practica4/practica4.vhd sub00/vhpl05 1287663331
EN placa NULL C:/MJ/2/ElectronicaDigital/practica4/practica4.vhd sub00/vhpl00 1287663330
EN contbcd NULL C:/MJ/2/ElectronicaDigital/practica4/contbcd.vhd sub00/vhpl03 1287663328
AR contbcd behavioral C:/MJ/2/ElectronicaDigital/practica4/contbcd.vhd sub00/vhpl04 1287663329
AR contjohn behavioral C:/MJ/2/ElectronicaDigital/practica4/contjohn.vhd sub00/vhpl02 1287663327
EN contjohn NULL C:/MJ/2/ElectronicaDigital/practica4/contjohn.vhd sub00/vhpl01 1287663326
